reading tests...
                                                            
running 116 tests, 4 slots, <isolated-fork>/selfhosted/porf

                                                                                                              
0.9% | 🧪 1 | 🤠 1 | ❌ 0 | 💀 0 | 🏗️ 0 | 💥 0 | ⏰ 0
                                                                                                              
1.7% | 🧪 2 | 🤠 2 | ❌ 0 | 💀 0 | 🏗️ 0 | 💥 0 | ⏰ 0
                                                                                                              
2.6% | 🧪 3 | 🤠 3 | ❌ 0 | 💀 0 | 🏗️ 0 | 💥 0 | ⏰ 0
                                                                                                              
3.4% | 🧪 4 | 🤠 4 | ❌ 0 | 💀 0 | 🏗️ 0 | 💥 0 | ⏰ 0
                                                                                                              
4.3% | 🧪 5 | 🤠 5 | ❌ 0 | 💀 0 | 🏗️ 0 | 💥 0 | ⏰ 0
                                                                                                              
5.2% | 🧪 6 | 🤠 6 | ❌ 0 | 💀 0 | 🏗️ 0 | 💥 0 | ⏰ 0
                                                                                                              
6.0% | 🧪 7 | 🤠 7 | ❌ 0 | 💀 0 | 🏗️ 0 | 💥 0 | ⏰ 0
                                                                                                              
6.9% | 🧪 8 | 🤠 8 | ❌ 0 | 💀 0 | 🏗️ 0 | 💥 0 | ⏰ 0
                                                                                                              
7.8% | 🧪 9 | 🤠 9 | ❌ 0 | 💀 0 | 🏗️ 0 | 💥 0 | ⏰ 0
                                                                                                              
8.6% | 🧪 10 | 🤠 10 | ❌ 0 | 💀 0 | 🏗️ 0 | 💥 0 | ⏰ 0
                                                                                                              
9.5% | 🧪 11 | 🤠 11 | ❌ 0 | 💀 0 | 🏗️ 0 | 💥 0 | ⏰ 0
                                                                                                              
10.3% | 🧪 12 | 🤠 12 | ❌ 0 | 💀 0 | 🏗️ 0 | 💥 0 | ⏰ 0
                                                                                                              
11.2% | 🧪 13 | 🤠 12 | ❌ 0 | 💀 1 | 🏗️ 0 | 💥 0 | ⏰ 0
                                                                                                              
12.1% | 🧪 14 | 🤠 13 | ❌ 0 | 💀 1 | 🏗️ 0 | 💥 0 | ⏰ 0
                                                                                                              
12.9% | 🧪 15 | 🤠 14 | ❌ 0 | 💀 1 | 🏗️ 0 | 💥 0 | ⏰ 0
                                                                                                              
13.8% | 🧪 16 | 🤠 15 | ❌ 0 | 💀 1 | 🏗️ 0 | 💥 0 | ⏰ 0
                                                                                                              
14.7% | 🧪 17 | 🤠 16 | ❌ 0 | 💀 1 | 🏗️ 0 | 💥 0 | ⏰ 0
                                                                                                              
15.5% | 🧪 18 | 🤠 17 | ❌ 0 | 💀 1 | 🏗️ 0 | 💥 0 | ⏰ 0
                                                                                                              
16.4% | 🧪 19 | 🤠 18 | ❌ 0 | 💀 1 | 🏗️ 0 | 💥 0 | ⏰ 0
                                                                                                              
17.2% | 🧪 20 | 🤠 19 | ❌ 0 | 💀 1 | 🏗️ 0 | 💥 0 | ⏰ 0
                                                                                                              
18.1% | 🧪 21 | 🤠 20 | ❌ 0 | 💀 1 | 🏗️ 0 | 💥 0 | ⏰ 0
                                                                                                              
19.0% | 🧪 22 | 🤠 20 | ❌ 0 | 💀 2 | 🏗️ 0 | 💥 0 | ⏰ 0
                                                                                                              
19.8% | 🧪 23 | 🤠 21 | ❌ 0 | 💀 2 | 🏗️ 0 | 💥 0 | ⏰ 0
                                                                                                              
20.7% | 🧪 24 | 🤠 22 | ❌ 0 | 💀 2 | 🏗️ 0 | 💥 0 | ⏰ 0
                                                                                                              
21.6% | 🧪 25 | 🤠 23 | ❌ 0 | 💀 2 | 🏗️ 0 | 💥 0 | ⏰ 0
                                                                                                              
22.4% | 🧪 26 | 🤠 24 | ❌ 0 | 💀 2 | 🏗️ 0 | 💥 0 | ⏰ 0
                                                                                                              
23.3% | 🧪 27 | 🤠 25 | ❌ 0 | 💀 2 | 🏗️ 0 | 💥 0 | ⏰ 0
                                                                                                              
24.1% | 🧪 28 | 🤠 26 | ❌ 0 | 💀 2 | 🏗️ 0 | 💥 0 | ⏰ 0
                                                                                                              
25.0% | 🧪 29 | 🤠 27 | ❌ 0 | 💀 2 | 🏗️ 0 | 💥 0 | ⏰ 0
                                                                                                              
25.9% | 🧪 30 | 🤠 28 | ❌ 0 | 💀 2 | 🏗️ 0 | 💥 0 | ⏰ 0
                                                                                                              
26.7% | 🧪 31 | 🤠 29 | ❌ 0 | 💀 2 | 🏗️ 0 | 💥 0 | ⏰ 0
                                                                                                              
27.6% | 🧪 32 | 🤠 29 | ❌ 0 | 💀 2 | 🏗️ 1 | 💥 0 | ⏰ 0
                                                                                                              
28.4% | 🧪 33 | 🤠 30 | ❌ 0 | 💀 2 | 🏗️ 1 | 💥 0 | ⏰ 0
                                                                                                              
29.3% | 🧪 34 | 🤠 31 | ❌ 0 | 💀 2 | 🏗️ 1 | 💥 0 | ⏰ 0
                                                                                                              
30.2% | 🧪 35 | 🤠 32 | ❌ 0 | 💀 2 | 🏗️ 1 | 💥 0 | ⏰ 0
                                                                                                              
31.0% | 🧪 36 | 🤠 33 | ❌ 0 | 💀 2 | 🏗️ 1 | 💥 0 | ⏰ 0
                                                                                                              
31.9% | 🧪 37 | 🤠 34 | ❌ 0 | 💀 2 | 🏗️ 1 | 💥 0 | ⏰ 0
                                                                                                              
32.8% | 🧪 38 | 🤠 35 | ❌ 0 | 💀 2 | 🏗️ 1 | 💥 0 | ⏰ 0
                                                                                                              
33.6% | 🧪 39 | 🤠 36 | ❌ 0 | 💀 2 | 🏗️ 1 | 💥 0 | ⏰ 0
                                                                                                              
34.5% | 🧪 40 | 🤠 37 | ❌ 0 | 💀 2 | 🏗️ 1 | 💥 0 | ⏰ 0
                                                                                                              
35.3% | 🧪 41 | 🤠 38 | ❌ 0 | 💀 2 | 🏗️ 1 | 💥 0 | ⏰ 0
                                                                                                              
36.2% | 🧪 42 | 🤠 39 | ❌ 0 | 💀 2 | 🏗️ 1 | 💥 0 | ⏰ 0
                                                                                                              
37.1% | 🧪 43 | 🤠 40 | ❌ 0 | 💀 2 | 🏗️ 1 | 💥 0 | ⏰ 0
                                                                                                              
37.9% | 🧪 44 | 🤠 41 | ❌ 0 | 💀 2 | 🏗️ 1 | 💥 0 | ⏰ 0
                                                                                                              
38.8% | 🧪 45 | 🤠 42 | ❌ 0 | 💀 2 | 🏗️ 1 | 💥 0 | ⏰ 0
                                                                                                              
39.7% | 🧪 46 | 🤠 42 | ❌ 0 | 💀 3 | 🏗️ 1 | 💥 0 | ⏰ 0
                                                                                                              
40.5% | 🧪 47 | 🤠 43 | ❌ 0 | 💀 3 | 🏗️ 1 | 💥 0 | ⏰ 0
                                                                                                              
41.4% | 🧪 48 | 🤠 44 | ❌ 0 | 💀 3 | 🏗️ 1 | 💥 0 | ⏰ 0
                                                                                                              
42.2% | 🧪 49 | 🤠 44 | ❌ 1 | 💀 3 | 🏗️ 1 | 💥 0 | ⏰ 0
                                                                                                              
43.1% | 🧪 50 | 🤠 45 | ❌ 1 | 💀 3 | 🏗️ 1 | 💥 0 | ⏰ 0
                                                                                                              
44.0% | 🧪 51 | 🤠 46 | ❌ 1 | 💀 3 | 🏗️ 1 | 💥 0 | ⏰ 0
                                                                                                              
44.8% | 🧪 52 | 🤠 47 | ❌ 1 | 💀 3 | 🏗️ 1 | 💥 0 | ⏰ 0
                                                                                                              
45.7% | 🧪 53 | 🤠 48 | ❌ 1 | 💀 3 | 🏗️ 1 | 💥 0 | ⏰ 0
                                                                                                              
46.6% | 🧪 54 | 🤠 49 | ❌ 1 | 💀 3 | 🏗️ 1 | 💥 0 | ⏰ 0
                                                                                                              
47.4% | 🧪 55 | 🤠 50 | ❌ 1 | 💀 3 | 🏗️ 1 | 💥 0 | ⏰ 0
                                                                                                              
48.3% | 🧪 56 | 🤠 51 | ❌ 1 | 💀 3 | 🏗️ 1 | 💥 0 | ⏰ 0
                                                                                                              
49.1% | 🧪 57 | 🤠 52 | ❌ 1 | 💀 3 | 🏗️ 1 | 💥 0 | ⏰ 0
                                                                                                              
50.0% | 🧪 58 | 🤠 53 | ❌ 1 | 💀 3 | 🏗️ 1 | 💥 0 | ⏰ 0
                                                                                                              
50.9% | 🧪 59 | 🤠 54 | ❌ 1 | 💀 3 | 🏗️ 1 | 💥 0 | ⏰ 0
                                                                                                              
51.7% | 🧪 60 | 🤠 55 | ❌ 1 | 💀 3 | 🏗️ 1 | 💥 0 | ⏰ 0
                                                                                                              
52.6% | 🧪 61 | 🤠 56 | ❌ 1 | 💀 3 | 🏗️ 1 | 💥 0 | ⏰ 0
                                                                                                              
53.4% | 🧪 62 | 🤠 57 | ❌ 1 | 💀 3 | 🏗️ 1 | 💥 0 | ⏰ 0
                                                                                                              
54.3% | 🧪 63 | 🤠 58 | ❌ 1 | 💀 3 | 🏗️ 1 | 💥 0 | ⏰ 0
                                                                                                              
55.2% | 🧪 64 | 🤠 59 | ❌ 1 | 💀 3 | 🏗️ 1 | 💥 0 | ⏰ 0
                                                                                                              
56.0% | 🧪 65 | 🤠 59 | ❌ 2 | 💀 3 | 🏗️ 1 | 💥 0 | ⏰ 0
                                                                                                              
56.9% | 🧪 66 | 🤠 60 | ❌ 2 | 💀 3 | 🏗️ 1 | 💥 0 | ⏰ 0
                                                                                                              
57.8% | 🧪 67 | 🤠 61 | ❌ 2 | 💀 3 | 🏗️ 1 | 💥 0 | ⏰ 0
                                                                                                              
58.6% | 🧪 68 | 🤠 62 | ❌ 2 | 💀 3 | 🏗️ 1 | 💥 0 | ⏰ 0
                                                                                                              
59.5% | 🧪 69 | 🤠 63 | ❌ 2 | 💀 3 | 🏗️ 1 | 💥 0 | ⏰ 0
                                                                                                              
60.3% | 🧪 70 | 🤠 64 | ❌ 2 | 💀 3 | 🏗️ 1 | 💥 0 | ⏰ 0
                                                                                                              
61.2% | 🧪 71 | 🤠 64 | ❌ 3 | 💀 3 | 🏗️ 1 | 💥 0 | ⏰ 0
                                                                                                              
62.1% | 🧪 72 | 🤠 65 | ❌ 3 | 💀 3 | 🏗️ 1 | 💥 0 | ⏰ 0
                                                                                                              
62.9% | 🧪 73 | 🤠 66 | ❌ 3 | 💀 3 | 🏗️ 1 | 💥 0 | ⏰ 0
                                                                                                              
63.8% | 🧪 74 | 🤠 67 | ❌ 3 | 💀 3 | 🏗️ 1 | 💥 0 | ⏰ 0
                                                                                                              
64.7% | 🧪 75 | 🤠 68 | ❌ 3 | 💀 3 | 🏗️ 1 | 💥 0 | ⏰ 0
                                                                                                              
65.5% | 🧪 76 | 🤠 69 | ❌ 3 | 💀 3 | 🏗️ 1 | 💥 0 | ⏰ 0
                                                                                                              
66.4% | 🧪 77 | 🤠 70 | ❌ 3 | 💀 3 | 🏗️ 1 | 💥 0 | ⏰ 0
                                                                                                              
67.2% | 🧪 78 | 🤠 71 | ❌ 3 | 💀 3 | 🏗️ 1 | 💥 0 | ⏰ 0
                                                                                                              
68.1% | 🧪 79 | 🤠 72 | ❌ 3 | 💀 3 | 🏗️ 1 | 💥 0 | ⏰ 0
                                                                                                              
69.0% | 🧪 80 | 🤠 73 | ❌ 3 | 💀 3 | 🏗️ 1 | 💥 0 | ⏰ 0
                                                                                                              
69.8% | 🧪 81 | 🤠 74 | ❌ 3 | 💀 3 | 🏗️ 1 | 💥 0 | ⏰ 0
                                                                                                              
70.7% | 🧪 82 | 🤠 75 | ❌ 3 | 💀 3 | 🏗️ 1 | 💥 0 | ⏰ 0
                                                                                                              
71.6% | 🧪 83 | 🤠 76 | ❌ 3 | 💀 3 | 🏗️ 1 | 💥 0 | ⏰ 0
                                                                                                              
72.4% | 🧪 84 | 🤠 77 | ❌ 3 | 💀 3 | 🏗️ 1 | 💥 0 | ⏰ 0
                                                                                                              
73.3% | 🧪 85 | 🤠 78 | ❌ 3 | 💀 3 | 🏗️ 1 | 💥 0 | ⏰ 0
                                                                                                              
74.1% | 🧪 86 | 🤠 79 | ❌ 3 | 💀 3 | 🏗️ 1 | 💥 0 | ⏰ 0
                                                                                                              
75.0% | 🧪 87 | 🤠 80 | ❌ 3 | 💀 3 | 🏗️ 1 | 💥 0 | ⏰ 0
                                                                                                              
75.9% | 🧪 88 | 🤠 81 | ❌ 3 | 💀 3 | 🏗️ 1 | 💥 0 | ⏰ 0
                                                                                                              
76.7% | 🧪 89 | 🤠 82 | ❌ 3 | 💀 3 | 🏗️ 1 | 💥 0 | ⏰ 0
                                                                                                              
77.6% | 🧪 90 | 🤠 83 | ❌ 3 | 💀 3 | 🏗️ 1 | 💥 0 | ⏰ 0
                                                                                                              
78.4% | 🧪 91 | 🤠 84 | ❌ 3 | 💀 3 | 🏗️ 1 | 💥 0 | ⏰ 0
                                                                                                              
79.3% | 🧪 92 | 🤠 85 | ❌ 3 | 💀 3 | 🏗️ 1 | 💥 0 | ⏰ 0
                                                                                                              
80.2% | 🧪 93 | 🤠 86 | ❌ 3 | 💀 3 | 🏗️ 1 | 💥 0 | ⏰ 0
                                                                                                              
81.0% | 🧪 94 | 🤠 87 | ❌ 3 | 💀 3 | 🏗️ 1 | 💥 0 | ⏰ 0
                                                                                                              
81.9% | 🧪 95 | 🤠 88 | ❌ 3 | 💀 3 | 🏗️ 1 | 💥 0 | ⏰ 0
                                                                                                              
82.8% | 🧪 96 | 🤠 89 | ❌ 3 | 💀 3 | 🏗️ 1 | 💥 0 | ⏰ 0
                                                                                                              
83.6% | 🧪 97 | 🤠 90 | ❌ 3 | 💀 3 | 🏗️ 1 | 💥 0 | ⏰ 0
                                                                                                              
84.5% | 🧪 98 | 🤠 91 | ❌ 3 | 💀 3 | 🏗️ 1 | 💥 0 | ⏰ 0
                                                                                                              
85.3% | 🧪 99 | 🤠 92 | ❌ 3 | 💀 3 | 🏗️ 1 | 💥 0 | ⏰ 0
                                                                                                              
86.2% | 🧪 100 | 🤠 93 | ❌ 3 | 💀 3 | 🏗️ 1 | 💥 0 | ⏰ 0
                                                                                                              
87.1% | 🧪 101 | 🤠 94 | ❌ 3 | 💀 3 | 🏗️ 1 | 💥 0 | ⏰ 0
                                                                                                              
87.9% | 🧪 102 | 🤠 94 | ❌ 4 | 💀 3 | 🏗️ 1 | 💥 0 | ⏰ 0
                                                                                                              
88.8% | 🧪 103 | 🤠 95 | ❌ 4 | 💀 3 | 🏗️ 1 | 💥 0 | ⏰ 0
                                                                                                              
89.7% | 🧪 104 | 🤠 96 | ❌ 4 | 💀 3 | 🏗️ 1 | 💥 0 | ⏰ 0
                                                                                                              
90.5% | 🧪 105 | 🤠 97 | ❌ 4 | 💀 3 | 🏗️ 1 | 💥 0 | ⏰ 0
                                                                                                              
91.4% | 🧪 106 | 🤠 98 | ❌ 4 | 💀 3 | 🏗️ 1 | 💥 0 | ⏰ 0
                                                                                                              
92.2% | 🧪 107 | 🤠 99 | ❌ 4 | 💀 3 | 🏗️ 1 | 💥 0 | ⏰ 0
                                                                                                              
93.1% | 🧪 108 | 🤠 100 | ❌ 4 | 💀 3 | 🏗️ 1 | 💥 0 | ⏰ 0
                                                                                                              
94.0% | 🧪 109 | 🤠 101 | ❌ 4 | 💀 3 | 🏗️ 1 | 💥 0 | ⏰ 0
                                                                                                              
94.8% | 🧪 110 | 🤠 102 | ❌ 4 | 💀 3 | 🏗️ 1 | 💥 0 | ⏰ 0
                                                                                                              
95.7% | 🧪 111 | 🤠 103 | ❌ 4 | 💀 3 | 🏗️ 1 | 💥 0 | ⏰ 0
                                                                                                              
96.6% | 🧪 112 | 🤠 104 | ❌ 4 | 💀 3 | 🏗️ 1 | 💥 0 | ⏰ 0
                                                                                                              
97.4% | 🧪 113 | 🤠 105 | ❌ 4 | 💀 3 | 🏗️ 1 | 💥 0 | ⏰ 0
                                                                                                              
98.3% | 🧪 114 | 🤠 106 | ❌ 4 | 💀 3 | 🏗️ 1 | 💥 0 | ⏰ 0
                                                                                                              
99.1% | 🧪 115 | 🤠 107 | ❌ 4 | 💀 3 | 🏗️ 1 | 💥 0 | ⏰ 0
                                                                                                              
100.0% | 🧪 116 | 🤠 107 | ❌ 5 | 💀 3 | 🏗️ 1 | 💥 0 | ⏰ 0
                                                                                                              
100.0% | 🧪 116 | 🤠 107 | ❌ 5 | 💀 3 | 🏗️ 1 | 💥 0 | ⏰ 0

selfhost harness: 107/116 passed - 92.24%
  🤠 107 | ❌ 5 | 💀 3 | 🏗️ 1 | 💥 0 | ⏰ 0
took 51s
